INFO:Json Data{'data': {'paginationMeta': {'currentPage': 1, 'currentPageSize': 2, 'totalPages': 1, 'totalRecords': 2}, 'last_update': 'May, 08 2020, 17:54, UTC', 'rows': [{'country': 'Netherlands', 'country_abbreviation': 'NL', 'total_cases': '42,093', 'new_cases': '319', 'total_deaths': '5,359', 'new_deaths': '71', 'total_recovered': 'N/A', 'active_cases': '36,484', 'serious_critical': '564', 'cases_per_mill_pop': '2,457.0', 'flag': 'https://www.worldometers.info/img/flags/nl-flag.gif'}, {'country': 'Caribbean Netherlands', 'country_abbreviation': '', 'total_cases': '6', 'new_cases': '0', 'total_deaths': '0', 'new_deaths': '0', 'total_recovered': '0', 'active_cases': '6', 'serious_critical': '0', 'cases_per_mill_pop': '229.0', 'flag': 'https://upload.wikimedia.org/wikipedia/commons/thumb/e/ef/International_Flag_of_Planet_Earth.svg/800px-International_Flag_of_Planet_Earth.svg.png'}]}, 'status': 'success'}
